Classic Timing Analyzer report for g23_lab2
Fri Feb 14 16:43:47 2014
Quartus II 64-Bit Version 9.1 Build 350 03/24/2010 Service Pack 2 SJ Full Version


---------------------
; Table of Contents ;
---------------------
  1. Legal Notice
  2. Timing Analyzer Summary
  3. Timing Analyzer Settings
  4. Parallel Compilation
  5. tpd
  6. Timing Analyzer Messages



----------------
; Legal Notice ;
----------------
Copyright (C) 1991-2010 Altera Corporation
Your use of Altera Corporation's design tools, logic functions 
and other software and tools, and its AMPP partner logic 
functions, and any output files from any of the foregoing 
(including device programming or simulation files), and any 
associated documentation or information are expressly subject 
to the terms and conditions of the Altera Program License 
Subscription Agreement, Altera MegaCore Function License 
Agreement, or other applicable license agreement, including, 
without limitation, that your use is for the sole purpose of 
programming logic devices manufactured by Altera and sold by 
Altera or its authorized distributors.  Please refer to the 
applicable agreement for further details.



+---------------------------------------------------------------------------------------------------------------------------------------+
; Timing Analyzer Summary                                                                                                               ;
+------------------------------+-------+---------------+-------------+---------------+-----------+------------+----------+--------------+
; Type                         ; Slack ; Required Time ; Actual Time ; From          ; To        ; From Clock ; To Clock ; Failed Paths ;
+------------------------------+-------+---------------+-------------+---------------+-----------+------------+----------+--------------+
; Worst-case tpd               ; N/A   ; None          ; 13.879 ns   ; ripple_blank0 ; digit0[3] ; --         ; --       ; 0            ;
; Total number of failed paths ;       ;               ;             ;               ;           ;            ;          ; 0            ;
+------------------------------+-------+---------------+-------------+---------------+-----------+------------+----------+--------------+


+-----------------------------------------------------------------------------------------------------------------------------------------------------+
; Timing Analyzer Settings                                                                                                                            ;
+------------------------------------------------------------------------------------------------------+--------------------+------+----+-------------+
; Option                                                                                               ; Setting            ; From ; To ; Entity Name ;
+------------------------------------------------------------------------------------------------------+--------------------+------+----+-------------+
; Device Name                                                                                          ; EP2C20F484C7       ;      ;    ;             ;
; Timing Models                                                                                        ; Final              ;      ;    ;             ;
; Default hold multicycle                                                                              ; Same as Multicycle ;      ;    ;             ;
; Cut paths between unrelated clock domains                                                            ; On                 ;      ;    ;             ;
; Cut off read during write signal paths                                                               ; On                 ;      ;    ;             ;
; Cut off feedback from I/O pins                                                                       ; On                 ;      ;    ;             ;
; Report Combined Fast/Slow Timing                                                                     ; Off                ;      ;    ;             ;
; Ignore Clock Settings                                                                                ; Off                ;      ;    ;             ;
; Analyze latches as synchronous elements                                                              ; On                 ;      ;    ;             ;
; Enable Recovery/Removal analysis                                                                     ; Off                ;      ;    ;             ;
; Enable Clock Latency                                                                                 ; Off                ;      ;    ;             ;
; Use TimeQuest Timing Analyzer                                                                        ; Off                ;      ;    ;             ;
; Minimum Core Junction Temperature                                                                    ; 0                  ;      ;    ;             ;
; Maximum Core Junction Temperature                                                                    ; 85                 ;      ;    ;             ;
; Number of source nodes to report per destination node                                                ; 10                 ;      ;    ;             ;
; Number of destination nodes to report                                                                ; 10                 ;      ;    ;             ;
; Number of paths to report                                                                            ; 200                ;      ;    ;             ;
; Report Minimum Timing Checks                                                                         ; Off                ;      ;    ;             ;
; Use Fast Timing Models                                                                               ; Off                ;      ;    ;             ;
; Report IO Paths Separately                                                                           ; Off                ;      ;    ;             ;
; Perform Multicorner Analysis                                                                         ; On                 ;      ;    ;             ;
; Reports the worst-case path for each clock domain and analysis                                       ; Off                ;      ;    ;             ;
; Reports worst-case timing paths for each clock domain and analysis                                   ; On                 ;      ;    ;             ;
; Specifies the maximum number of worst-case timing paths to report for each clock domain and analysis ; 100                ;      ;    ;             ;
; Removes common clock path pessimism (CCPP) during slack computation                                  ; Off                ;      ;    ;             ;
; Output I/O Timing Endpoint                                                                           ; Near End           ;      ;    ;             ;
+------------------------------------------------------------------------------------------------------+--------------------+------+----+-------------+


+------------------------------------------+
; Parallel Compilation                     ;
+----------------------------+-------------+
; Processors                 ; Number      ;
+----------------------------+-------------+
; Number detected on machine ; 4           ;
; Maximum allowed            ; 4           ;
;                            ;             ;
; Average used               ; 1.00        ;
; Maximum used               ; 1           ;
;                            ;             ;
; Usage by Processor         ; % Time Used ;
;     1 processor            ; 100.0%      ;
;     2-4 processors         ;   0.0%      ;
+----------------------------+-------------+


+---------------------------------------------------------------------------+
; tpd                                                                       ;
+-------+-------------------+-----------------+-----------------+-----------+
; Slack ; Required P2P Time ; Actual P2P Time ; From            ; To        ;
+-------+-------------------+-----------------+-----------------+-----------+
; N/A   ; None              ; 13.879 ns       ; ripple_blank0   ; digit0[3] ;
; N/A   ; None              ; 13.860 ns       ; ripple_blank0   ; digit0[0] ;
; N/A   ; None              ; 13.575 ns       ; ripple_blank0   ; digit0[1] ;
; N/A   ; None              ; 13.462 ns       ; ripple_blank0   ; digit0[4] ;
; N/A   ; None              ; 13.293 ns       ; ripple_blank0   ; digit0[6] ;
; N/A   ; None              ; 12.225 ns       ; ripple_blank0   ; digit0[2] ;
; N/A   ; None              ; 12.033 ns       ; ripple_blank0   ; digit0[5] ;
; N/A   ; None              ; 10.718 ns       ; input_number[0] ; digit1[4] ;
; N/A   ; None              ; 10.700 ns       ; input_number[1] ; digit3[3] ;
; N/A   ; None              ; 10.692 ns       ; input_number[1] ; digit0[3] ;
; N/A   ; None              ; 10.687 ns       ; input_number[3] ; digit1[4] ;
; N/A   ; None              ; 10.635 ns       ; input_number[0] ; digit1[2] ;
; N/A   ; None              ; 10.571 ns       ; input_number[3] ; digit1[2] ;
; N/A   ; None              ; 10.567 ns       ; input_number[1] ; digit1[4] ;
; N/A   ; None              ; 10.459 ns       ; input_number[1] ; digit1[2] ;
; N/A   ; None              ; 10.427 ns       ; input_number[1] ; digit3[1] ;
; N/A   ; None              ; 10.417 ns       ; input_number[1] ; digit0[1] ;
; N/A   ; None              ; 10.403 ns       ; input_number[3] ; digit2[6] ;
; N/A   ; None              ; 10.385 ns       ; input_number[3] ; digit2[3] ;
; N/A   ; None              ; 10.382 ns       ; input_number[2] ; digit1[4] ;
; N/A   ; None              ; 10.377 ns       ; input_number[0] ; digit2[6] ;
; N/A   ; None              ; 10.359 ns       ; input_number[0] ; digit2[3] ;
; N/A   ; None              ; 10.340 ns       ; input_number[3] ; digit1[3] ;
; N/A   ; None              ; 10.314 ns       ; input_number[0] ; digit1[3] ;
; N/A   ; None              ; 10.300 ns       ; input_number[0] ; digit2[5] ;
; N/A   ; None              ; 10.288 ns       ; input_number[0] ; digit1[1] ;
; N/A   ; None              ; 10.278 ns       ; input_number[0] ; digit2[2] ;
; N/A   ; None              ; 10.278 ns       ; input_number[0] ; digit1[5] ;
; N/A   ; None              ; 10.276 ns       ; input_number[0] ; digit0[3] ;
; N/A   ; None              ; 10.274 ns       ; input_number[0] ; digit2[1] ;
; N/A   ; None              ; 10.266 ns       ; input_number[2] ; digit1[2] ;
; N/A   ; None              ; 10.237 ns       ; input_number[3] ; digit2[5] ;
; N/A   ; None              ; 10.227 ns       ; input_number[3] ; digit1[1] ;
; N/A   ; None              ; 10.217 ns       ; input_number[1] ; digit2[6] ;
; N/A   ; None              ; 10.216 ns       ; input_number[0] ; digit3[3] ;
; N/A   ; None              ; 10.215 ns       ; input_number[3] ; digit1[5] ;
; N/A   ; None              ; 10.214 ns       ; input_number[3] ; digit2[2] ;
; N/A   ; None              ; 10.213 ns       ; input_number[3] ; digit2[1] ;
; N/A   ; None              ; 10.199 ns       ; input_number[1] ; digit2[3] ;
; N/A   ; None              ; 10.163 ns       ; input_number[0] ; digit2[4] ;
; N/A   ; None              ; 10.154 ns       ; input_number[1] ; digit1[3] ;
; N/A   ; None              ; 10.132 ns       ; input_number[3] ; digit2[4] ;
; N/A   ; None              ; 10.123 ns       ; input_number[1] ; digit1[1] ;
; N/A   ; None              ; 10.115 ns       ; input_number[1] ; digit2[5] ;
; N/A   ; None              ; 10.109 ns       ; input_number[1] ; digit2[1] ;
; N/A   ; None              ; 10.109 ns       ; input_number[3] ; digit1[6] ;
; N/A   ; None              ; 10.102 ns       ; input_number[1] ; digit2[2] ;
; N/A   ; None              ; 10.098 ns       ; input_number[2] ; digit2[6] ;
; N/A   ; None              ; 10.093 ns       ; input_number[1] ; digit1[5] ;
; N/A   ; None              ; 10.083 ns       ; input_number[0] ; digit1[6] ;
; N/A   ; None              ; 10.080 ns       ; input_number[2] ; digit2[3] ;
; N/A   ; None              ; 10.040 ns       ; input_number[0] ; digit0[0] ;
; N/A   ; None              ; 10.035 ns       ; input_number[2] ; digit1[3] ;
; N/A   ; None              ; 10.023 ns       ; input_number[2] ; digit3[3] ;
; N/A   ; None              ; 10.016 ns       ; input_number[2] ; digit0[3] ;
; N/A   ; None              ; 10.012 ns       ; input_number[1] ; digit2[4] ;
; N/A   ; None              ; 9.980 ns        ; input_number[0] ; digit3[1] ;
; N/A   ; None              ; 9.972 ns        ; input_number[0] ; digit0[1] ;
; N/A   ; None              ; 9.938 ns        ; input_number[0] ; digit3[0] ;
; N/A   ; None              ; 9.931 ns        ; input_number[2] ; digit2[5] ;
; N/A   ; None              ; 9.929 ns        ; input_number[3] ; digit0[0] ;
; N/A   ; None              ; 9.924 ns        ; input_number[2] ; digit1[1] ;
; N/A   ; None              ; 9.923 ns        ; input_number[1] ; digit1[6] ;
; N/A   ; None              ; 9.910 ns        ; input_number[2] ; digit2[1] ;
; N/A   ; None              ; 9.909 ns        ; input_number[2] ; digit2[2] ;
; N/A   ; None              ; 9.909 ns        ; input_number[2] ; digit1[5] ;
; N/A   ; None              ; 9.906 ns        ; input_number[1] ; digit0[4] ;
; N/A   ; None              ; 9.875 ns        ; input_number[3] ; digit3[0] ;
; N/A   ; None              ; 9.827 ns        ; input_number[2] ; digit2[4] ;
; N/A   ; None              ; 9.822 ns        ; input_number[1] ; digit0[0] ;
; N/A   ; None              ; 9.804 ns        ; input_number[2] ; digit1[6] ;
; N/A   ; None              ; 9.776 ns        ; input_number[2] ; digit0[0] ;
; N/A   ; None              ; 9.768 ns        ; input_number[1] ; digit3[0] ;
; N/A   ; None              ; 9.756 ns        ; input_number[1] ; digit3[6] ;
; N/A   ; None              ; 9.752 ns        ; ripple_blank    ; digit3[3] ;
; N/A   ; None              ; 9.748 ns        ; input_number[2] ; digit3[1] ;
; N/A   ; None              ; 9.719 ns        ; input_number[1] ; digit0[6] ;
; N/A   ; None              ; 9.707 ns        ; input_number[2] ; digit0[1] ;
; N/A   ; None              ; 9.628 ns        ; input_number[2] ; digit3[6] ;
; N/A   ; None              ; 9.607 ns        ; ripple_blank    ; digit3[0] ;
; N/A   ; None              ; 9.572 ns        ; input_number[2] ; digit3[0] ;
; N/A   ; None              ; 9.555 ns        ; input_number[0] ; digit0[5] ;
; N/A   ; None              ; 9.542 ns        ; input_number[0] ; digit3[5] ;
; N/A   ; None              ; 9.529 ns        ; input_number[3] ; digit3[3] ;
; N/A   ; None              ; 9.514 ns        ; input_number[3] ; digit0[3] ;
; N/A   ; None              ; 9.491 ns        ; input_number[3] ; digit0[5] ;
; N/A   ; None              ; 9.478 ns        ; input_number[3] ; digit3[5] ;
; N/A   ; None              ; 9.469 ns        ; input_number[0] ; digit0[6] ;
; N/A   ; None              ; 9.458 ns        ; ripple_blank    ; digit3[1] ;
; N/A   ; None              ; 9.370 ns        ; input_number[1] ; digit0[5] ;
; N/A   ; None              ; 9.364 ns        ; input_number[3] ; digit3[4] ;
; N/A   ; None              ; 9.364 ns        ; input_number[2] ; digit0[4] ;
; N/A   ; None              ; 9.362 ns        ; input_number[1] ; digit3[5] ;
; N/A   ; None              ; 9.358 ns        ; ripple_blank    ; digit3[4] ;
; N/A   ; None              ; 9.311 ns        ; input_number[0] ; digit3[6] ;
; N/A   ; None              ; 9.309 ns        ; input_number[0] ; digit0[2] ;
; N/A   ; None              ; 9.299 ns        ; input_number[3] ; digit3[1] ;
; N/A   ; None              ; 9.262 ns        ; input_number[3] ; digit0[2] ;
; N/A   ; None              ; 9.238 ns        ; input_number[0] ; digit1[0] ;
; N/A   ; None              ; 9.205 ns        ; input_number[2] ; digit0[6] ;
; N/A   ; None              ; 9.186 ns        ; input_number[2] ; digit0[5] ;
; N/A   ; None              ; 9.183 ns        ; input_number[3] ; digit1[0] ;
; N/A   ; None              ; 9.173 ns        ; input_number[2] ; digit3[5] ;
; N/A   ; None              ; 9.162 ns        ; input_number[1] ; digit0[2] ;
; N/A   ; None              ; 9.083 ns        ; input_number[1] ; digit1[0] ;
; N/A   ; None              ; 9.058 ns        ; ripple_blank    ; digit1[4] ;
; N/A   ; None              ; 8.987 ns        ; input_number[0] ; digit0[4] ;
; N/A   ; None              ; 8.979 ns        ; input_number[3] ; digit3[6] ;
; N/A   ; None              ; 8.971 ns        ; ripple_blank    ; digit3[5] ;
; N/A   ; None              ; 8.959 ns        ; ripple_blank    ; digit1[2] ;
; N/A   ; None              ; 8.958 ns        ; input_number[2] ; digit0[2] ;
; N/A   ; None              ; 8.951 ns        ; input_number[1] ; digit3[4] ;
; N/A   ; None              ; 8.910 ns        ; input_number[3] ; digit0[1] ;
; N/A   ; None              ; 8.908 ns        ; input_number[3] ; digit0[4] ;
; N/A   ; None              ; 8.880 ns        ; input_number[2] ; digit1[0] ;
; N/A   ; None              ; 8.858 ns        ; input_number[0] ; digit2[0] ;
; N/A   ; None              ; 8.803 ns        ; input_number[3] ; digit2[0] ;
; N/A   ; None              ; 8.748 ns        ; input_number[3] ; digit0[6] ;
; N/A   ; None              ; 8.703 ns        ; input_number[1] ; digit2[0] ;
; N/A   ; None              ; 8.635 ns        ; ripple_blank    ; digit3[6] ;
; N/A   ; None              ; 8.630 ns        ; ripple_blank    ; digit1[1] ;
; N/A   ; None              ; 8.616 ns        ; ripple_blank    ; digit2[1] ;
; N/A   ; None              ; 8.602 ns        ; ripple_blank    ; digit2[2] ;
; N/A   ; None              ; 8.590 ns        ; ripple_blank    ; digit2[5] ;
; N/A   ; None              ; 8.583 ns        ; ripple_blank    ; digit3[2] ;
; N/A   ; None              ; 8.581 ns        ; input_number[3] ; digit3[2] ;
; N/A   ; None              ; 8.568 ns        ; ripple_blank    ; digit1[5] ;
; N/A   ; None              ; 8.503 ns        ; ripple_blank    ; digit2[4] ;
; N/A   ; None              ; 8.500 ns        ; input_number[2] ; digit2[0] ;
; N/A   ; None              ; 8.457 ns        ; input_number[0] ; digit3[4] ;
; N/A   ; None              ; 8.386 ns        ; ripple_blank    ; digit2[3] ;
; N/A   ; None              ; 8.385 ns        ; ripple_blank    ; digit2[6] ;
; N/A   ; None              ; 8.341 ns        ; ripple_blank    ; digit1[3] ;
; N/A   ; None              ; 8.091 ns        ; ripple_blank    ; digit1[6] ;
; N/A   ; None              ; 7.941 ns        ; input_number[0] ; digit3[2] ;
; N/A   ; None              ; 7.900 ns        ; input_number[2] ; digit3[2] ;
; N/A   ; None              ; 7.836 ns        ; input_number[2] ; digit3[4] ;
; N/A   ; None              ; 7.556 ns        ; input_number[1] ; digit3[2] ;
+-------+-------------------+-----------------+-----------------+-----------+


+--------------------------+
; Timing Analyzer Messages ;
+--------------------------+
Info: *******************************************************************
Info: Running Quartus II 64-Bit Classic Timing Analyzer
    Info: Version 9.1 Build 350 03/24/2010 Service Pack 2 SJ Full Version
    Info: Processing started: Fri Feb 14 16:43:46 2014
Info: Command: quartus_tan --read_settings_files=off --write_settings_files=off g23_lab2 -c g23_lab2 --timing_analysis_only
Info: Parallel compilation is enabled and will use 4 of the 4 processors detected
Info: Longest tpd from source pin "ripple_blank0" to destination pin "digit0[3]" is 13.879 ns
    Info: 1: + IC(0.000 ns) + CELL(0.863 ns) = 0.863 ns; Loc. = PIN_AA11; Fanout = 9; PIN Node = 'ripple_blank0'
    Info: 2: + IC(6.246 ns) + CELL(0.322 ns) = 7.431 ns; Loc. = LCCOMB_X7_Y6_N12; Fanout = 1; COMB Node = 'g23_7_segment_decoder:inst0|Mux4~1'
    Info: 3: + IC(1.658 ns) + CELL(0.545 ns) = 9.634 ns; Loc. = LCCOMB_X8_Y17_N2; Fanout = 1; COMB Node = 'g23_7_segment_decoder:inst0|Mux4~2'
    Info: 4: + IC(1.405 ns) + CELL(2.840 ns) = 13.879 ns; Loc. = PIN_H1; Fanout = 0; PIN Node = 'digit0[3]'
    Info: Total cell delay = 4.570 ns ( 32.93 % )
    Info: Total interconnect delay = 9.309 ns ( 67.07 % )
Info: Quartus II 64-Bit Classic Timing Analyzer was successful. 0 errors, 0 warnings
    Info: Peak virtual memory: 217 megabytes
    Info: Processing ended: Fri Feb 14 16:43:47 2014
    Info: Elapsed time: 00:00:01
    Info: Total CPU time (on all processors): 00:00:00


